

 14 - old line 14                                │  14 + new line 14                               
 15 - old line 15                                │  15 + new line 15                               
 16 - old line 16                                │  16 + new line 16                               
 17   line 17                                    │  17   line 17                                   
 18   line 18                                    │  18   line 18                                   
 19   line 19                                    │  19   line 19                                   
 20   line 20                                    │  20   line 20                                   
 21   line 21                                    │  21   line 21                                   