

                                                 │  13 + new added line number 10                  
                                                 │  14 + new added line number 11                  
                                                 │  15 + new added line number 12                  
                                                 │  16 + new added line number 13                  
                                                 │  17 + new added line number 14                  
                                                 │  18 + new added line number 15                  
                                                 │  19 + new added line number 16                  
                                                 │  20 + new added line number 17                  
                                                 │  21 + new added line number 18                  
                                                 │  22 + new added line number 19                  
                                                 │  23 + new added line number 20                  
                                                 │  24 + new added line number 21                  
                                                 │  25 + new added line number 22                  
                                                 │  26 + new added line number 23                  
                                                 │  27 + new added line number 24                  
                                                 │  28 + new added line number 25                  
                                                 │  29 + new added line number 26                  
                                                 │  30 + new added line number 27                  