▌ ├ 0000000 First commit - Test Author 1 year ago                             │ 0000000..0000000 (2 commits)                                                    
█ ├ 0000000 Second commit - Test Author 1 year ago                            │                                                                                 
  ├ 0000000 Third commit - Test Author 1 year ago                             │ 2 files · +53 -10                                                               
                                                                              │ M +25 -8  combined1.go                                                          
                                                                              │ A +28 -2  combined2.go                                                          
                                                                              │                                                                                 
                                                                              │                                                                                 
















