→ ├ 0000000 First commit - Test Author 1 year ago                             │ 0000000 · Test Author committed 1 year ago                                      
  ├ 0000000 Second commit - Test Author 1 year ago                            │                                                                                 
  ├ 0000000 Third commit - Test Author 1 year ago                             │ First commit                                                                    
                                                                              │                                                                                 
                                                                              │ 2 files · +30 -5                                                                
                                                                              │  ├── M +10 -5  first.go                                                         
                                                                              │  └── A +20 -0  shared.go                                                        
                                                                              │                                                                                 
                                                                              │                                                                                 
                                                                              │                                                                                 
                                                                              │                                                                                 
                                                                              │                                                                                 
                                                                              │                                                                                 
                                                                              │                                                                                 
                                                                              │                                                                                 
                                                                              │                                                                                 
                                                                              │                                                                                 
                                                                              │                                                                                 
                                                                              │                                                                                 
                                                                              │                                                                                 
                                                                              │                                                                                 
                                                                              │                                                                                 
                                                                              │                                                                                 
                                                                              │                                                                                 