> abc123 First commit - Alice 1 year ago                                      │ First commit                                                                    
                                                                              │ ────────────────────────────────────────────────────────────────────────────────
                                                                              │ Unable to load files                                                            
                                                                              │                                                                                 
                                                                              │                                                                                 
                                                                              │                                                                                 
                                                                              │                                                                                 
                                                                              │                                                                                 
                                                                              │                                                                                 
                                                                              │                                                                                 
                                                                              │                                                                                 
                                                                              │                                                                                 
                                                                              │                                                                                 
                                                                              │                                                                                 
                                                                              │                                                                                 
                                                                              │                                                                                 
                                                                              │                                                                                 
                                                                              │                                                                                 
                                                                              │                                                                                 
                                                                              │                                                                                 
                                                                              │                                                                                 
                                                                              │                                                                                 
                                                                              │                                                                                 
                                                                              │                                                                                 
