> ├ [1;38;5;220mabc123[0m [1;38;5;231mFirst commit[0m - [1;38;5;51mAlice[0m [1;38;5;250m11 months ago[0m                                 │ [38;5;214mabc123[0m[38;5;248m · [0m[38;5;86mAlice[0m[38;5;248m committed [0m[38;5;244m11 months ago[0m                                          
                                                                              │                                                                                 
                                                                              │ First commit                                                                    
                                                                              │                                                                                 
                                                                              │ [38;5;244mLoading files...[0m                                                                
                                                                              │                                                                                 
                                                                              │                                                                                 
                                                                              │                                                                                 
                                                                              │                                                                                 
                                                                              │                                                                                 
                                                                              │                                                                                 
                                                                              │                                                                                 
                                                                              │                                                                                 
                                                                              │                                                                                 
                                                                              │                                                                                 
                                                                              │                                                                                 
                                                                              │                                                                                 
                                                                              │                                                                                 
                                                                              │                                                                                 
                                                                              │                                                                                 
                                                                              │                                                                                 
                                                                              │                                                                                 
                                                                              │                                                                                 
                                                                              │                                                                                 