> abc123 First commit - Alice 11 months ago                                   │ First commit                                                                    
                                                                              │ ────────────────────────────────────────────────────────────────────────────────
                                                                              │ Unable to load files                                                            
                                                                              │                                                                                 
                                                                              │                                                                                 
                                                                              │                                                                                 
                                                                              │                                                                                 
                                                                              │                                                                                 
                                                                              │                                                                                 
                                                                              │                                                                                 
                                                                              │                                                                                 
                                                                              │                                                                                 
                                                                              │                                                                                 
                                                                              │                                                                                 
                                                                              │                                                                                 
                                                                              │                                                                                 
                                                                              │                                                                                 
                                                                              │                                                                                 
                                                                              │                                                                                 
                                                                              │                                                                                 
                                                                              │                                                                                 
                                                                              │                                                                                 
                                                                              │                                                                                 
                                                                              │                                                                                 
