  f Commit 5 - Author just now
  g Commit 6 - Author just now
  h Commit 7 - Author just now
  i Commit 8 - Author just now
  j Commit 9 - Author just now
> k Commit : - Author just now
  l Commit ; - Author just now
  m Commit < - Author just now
  n Commit = - Author just now
  o Commit > - Author just now
