0000000 · first.go · +5 -3
────────────────────────────────────────────────────────────────────────────────
  1 - old content first                          │                                                 
                                                 │   1 + new content first                         