

                                                 │  22 + new added line number 19                  
                                                 │  23 + new added line number 20                  
                                                 │  24 + new added line number 21                  
                                                 │  25 + new added line number 22                  
                                                 │  26 + new added line number 23                  
                                                 │  27 + new added line number 24                  
                                                 │  28 + new added line number 25                  
                                                 │  29 + new added line number 26                  
                                                 │  30 + new added line number 27                  
                                                 │  31 + new added line number 28                  
                                                 │  32 + new added line number 29                  
                                                 │  33 + new added line number 30                  
                                                 │  34 + new added line number 31                  
                                                 │  35 + new added line number 32                  
                                                 │  36 + new added line number 33                  
                                                 │  37 + new added line number 34                  
                                                 │  38 + new added line number 35                  
                                                 │  39 + new added line number 36                  