0000000 · large.go · +40 -0
────────────────────────────────────────────────────────────────────────────────
                                                 │   4 + new added line number 01                  
                                                 │   5 + new added line number 02                  
                                                 │   6 + new added line number 03                  
                                                 │   7 + new added line number 04                  
                                                 │   8 + new added line number 05                  
                                                 │   9 + new added line number 06                  
                                                 │  10 + new added line number 07                  
                                                 │  11 + new added line number 08                  
                                                 │  12 + new added line number 09                  
                                                 │  13 + new added line number 10                  
                                                 │  14 + new added line number 11                  
                                                 │  15 + new added line number 12                  
                                                 │  16 + new added line number 13                  
                                                 │  17 + new added line number 14                  
                                                 │  18 + new added line number 15                  
                                                 │  19 + new added line number 16                  
                                                 │  20 + new added line number 17                  
                                                 │  21 + new added line number 18                  