  0000000 Commit message 1 - Author 1 1 year ago
  0000000 Commit message 2 - Author 2 1 year ago
  0000000 Commit message 3 - Author 0 1 year ago
  0000000 Commit message 4 - Author 1 1 year ago
  0000000 Commit message 5 - Author 2 1 year ago
  0000000 Commit message 6 - Author 0 1 year ago
  0000000 Commit message 7 - Author 1 1 year ago
  0000000 Commit message 8 - Author 2 1 year ago
  0000000 Commit message 9 - Author 0 1 year ago
