abc123d · internal/auth/handler.go · +2 -2
────────────────────────────────────────────────────────────────────────────────
  1   package auth                     │   1   package auth                    
  2                                    │   2                                   
  3 - func oldHelper() {               │                                       
  4 - }                                │                                       
  5 -                                  │                                       
  6   func Login() {                   │   3   func Login() {                  
  7       validateUser()               │   4       validateUser()              
  8 -     oldFunction()                │   5 +     newFunction()               
                                       │   6 +     checkPermissions()          
  9   }                                │   7   }                               