  ├ 0000000 First commit - Test Author 1 year ago                             │ 0000000 · Test Author committed 1 year ago                                      
→ ├ 0000000 Second commit - Test Author 1 year ago                            │                                                                                 
  ├ 0000000 Third commit - Test Author 1 year ago                             │ Second commit                                                                   
                                                                              │                                                                                 
                                                                              │ 2 files · +23 -5                                                                
                                                                              │  ├── A +8 -2  another.go                                                        
                                                                              │  └── M +15 -3  second.go                                                        
















