  ├ 0000000 Refactor authentication module to support O... - Alexandra Chen-Rodri... 1 year ago   │ 0000000 · Benjamin O'Sullivan-Smith committed 1 year ago · 5 files · +741 ...   
> ├ 0000000 Add comprehensive error handling for networ... - Benjamin O'Sullivan-... 1 year ago   │                                                                                 
  ├ 0000000 Update database schema migration to include... - Christina Van Der Berg 1 year ago    │ Add comprehensive error handling for network failures in API client with retr...




































