0000000 · Benjamin O'Sullivan-Smith committed 1 ye

Add comprehensive error handling for network failu

Additional context about this change that provides
──────────────────────────────────────────────────
> M +245 -123  internal/authentication/oauth2/prov
  M +198 - 87  internal/authentication/oauth2/prov
  M + 67 - 12  pkg/database/migrations/v2/user_pre
  M +142 - 56  cmd/server/handlers/api/v1/users/pr
  M + 89 - 34  web/components/settings/themes/dark