





4 files · +599 -256
→├── cmd/server/handlers/api/v1/users +142 -56 (1 file)
 ├── internal/authentication/oauth2/providers
 │   ├── github
 │   │   └── M +245 -123  client.go
 │   └── google
 │       └── M +198 -87  client.go
 ├── pkg/database/migrations/v2
 │   └── M +67 -12  user_preferences_schema.sql
 └── web/components/settings/themes
     └── M +89 -34  dark_mode_toggle.tsx