0000000 · internal/authentication/oauth2/providers/github/client.go · +245 -123
────────────────────────────────────────────────────────────────────────────────
  1 - func authenticateUser(username, password string) (*User, error) {                  │   1 + func authenticateUser(username, password string, options *AuthenticationOptions) …
  2       if username == "" || password == "" {                                          │   2       if username == "" || password == "" {                                         
  3 -         return nil, errors.New("username and password required")                   │   3 +         return nil, fmt.Errorf("authentication failed: username and password are …
  4       }                                                                              │   4       }                                                                             
  5 -     return nil, errors.New("not implemented")                                      │                                                                                         
                                                                                         │   5 +                                                                                   
                                                                                         │   6 +     // Validate password complexity requirements before attempting authentication 
                                                                                         │   7 +     if len(password) < options.MinPasswordLength {                                
                                                                                         │   8 +         return nil, fmt.Errorf("password does not meet minimum length requirement…
                                                                                         │   9 +     }                                                                             
                                                                                         │  10 +                                                                                   
                                                                                         │  11 +     return authenticateWithProvider(username, password, options.Provider)         
  6   }                                                                                  │  12   }                                                                                 
  7                                                                                      │  13                                                                                     
