  │ │ │ │ │ │ ├ 0000000 Commit message 7 - Author 1 1 year ago
  │ │ │ │ │ │ │ ├ 0000000 Commit message 8 - Author 2 1 year ago
  │ │ │ │ │ │ │ │ ├ 0000000 Commit mes... - Auth... 1 year ago
  │ │ │ │ │ │ │ │ │ ├ 0000000 Commit ... - Aut... 1 year ago
  │ │ │ │ │ │ │ │ │ │ ├ 0000000 Commi... - A... 1 year ago
  │ │ │ │ │ │ │ │ │ │ │ ├ 0000000 Com... - A... 1 year ago
  │ │ │ │ │ │ │ │ │ │ │ │ ├ 0000000 Com... - A... 1 year ago
  │ │ │ │ │ │ │ │ │ │ │ │ │ ├ 0000000 Com... - A... 1 year ago
> │ │ │ │ │ │ │ │ │ │ │ │ │ │ ├ 0000000 Com... - A... 1 year ago
