  ├ 0000000 Commit message 7 - Author 1 1 year ago
  ├ 0000000 Commit message 8 - Author 2 1 year ago
  ├ 0000000 Commit message 9 - Author 0 1 year ago
  ├ 0000000 Commit message 10 - Author 1 1 year ago
  ├ 0000000 Commit message 11 - Author 2 1 year ago
  ├ 0000000 Commit message 12 - Author 0 1 year ago
  ├ 0000000 Commit message 13 - Author 1 1 year ago
  ├ 0000000 Commit message 14 - Author 2 1 year ago
> ├ 0000000 Commit message 15 - Author 0 1 year ago
