  ├ 0000000 Commit message 40 - Author 1 1 year ago
  ├ 0000000 Commit message 41 - Author 2 1 year ago
  ├ 0000000 Commit message 42 - Author 0 1 year ago
  ├ 0000000 Commit message 43 - Author 1 1 year ago
  ├ 0000000 Commit message 44 - Author 2 1 year ago
  ├ 0000000 Commit message 45 - Author 0 1 year ago
  ├ 0000000 Commit message 46 - Author 1 1 year ago
  ├ 0000000 Commit message 47 - Author 2 1 year ago
  ├ 0000000 Commit message 48 - Author 0 1 year ago
> ├ 0000000 Commit message 49 - Author 1 1 year ago