→ ├ abc123 First commit - Alice 11 months ago                                 │ abc123 · Alice committed 11 months ago                                          
  ├ def456 Second commit - Bob 11 months ago                                  │                                                                                 
                                                                              │ First commit                                                                    
                                                                              │                                                                                 
                                                                              │ This is the body                                                                
                                                                              │                                                                                 
                                                                              │ 2 files · +30 -5                                                                
                                                                              │ M +10 -5  src/main.go                                                           
                                                                              │ A +20 -0  README.md                                                             
                                                                              │                                                                                 
                                                                              │                                                                                 
                                                                              │                                                                                 
                                                                              │                                                                                 
                                                                              │                                                                                 
                                                                              │                                                                                 
                                                                              │                                                                                 
                                                                              │                                                                                 
                                                                              │                                                                                 
                                                                              │                                                                                 
                                                                              │                                                                                 
                                                                              │                                                                                 
                                                                              │                                                                                 
                                                                              │                                                                                 
                                                                              │                                                                                 