→ ├ abc123 First commit - Alice 11 months ago                                 │ abc123 · Alice committed 11 months ago                                          
                                                                              │                                                                                 
                                                                              │ First commit                                                                    
                                                                              │                                                                                 
                                                                              │ Loading files...                                                                
                                                                              │                                                                                 
                                                                              │                                                                                 
                                                                              │                                                                                 
                                                                              │                                                                                 
                                                                              │                                                                                 
                                                                              │                                                                                 
                                                                              │                                                                                 
                                                                              │                                                                                 
                                                                              │                                                                                 
                                                                              │                                                                                 
                                                                              │                                                                                 
                                                                              │                                                                                 
                                                                              │                                                                                 
                                                                              │                                                                                 
                                                                              │                                                                                 
                                                                              │                                                                                 
                                                                              │                                                                                 
                                                                              │                                                                                 
                                                                              │                                                                                 