  ├ f Commit 5 - Author 1 year ago
  ├ g Commit 6 - Author 1 year ago
  ├ h Commit 7 - Author 1 year ago
  ├ i Commit 8 - Author 1 year ago
  ├ j Commit 9 - Author 1 year ago
→ ├ k Commit : - Author 1 year ago
  ├ l Commit ; - Author 1 year ago
  ├ m Commit < - Author 1 year ago
  ├ n Commit = - Author 1 year ago
  ├ o Commit > - Author 1 year ago