---
source: tests/snapshot_tests.rs
expression: terminal.backend()
---
"                                                                                "
"                                                                                "
"                                                                                "
"                                                                                "
"          ╭ Git Log ─────────────────────────────────────────────────╮          "
"          │e96269a Add Rust experiment with ratatui hello world (2 ho│          "
"          │b4a19bc Add Cargo.lock for Rust experiment (2 hours ago)  │          "
"          │9b17fe2 Fix sandbox conflicts for multiple repo copies (1 │          "
"          │55bc557 Refactor sandbox to user-configurable Docker (2 da│          "
"          │bfa9279 Fix multi-commit file preview (3 days ago)        │          "
"          │1da9976 Restructure git package into layered architecture │          "
"          │951443e Bump the go-dependencies group with 2 updates (5 d│          "
"          │a1b2c3d Add initial TUI implementation (1 week ago)       │          "
"          │                                                          │          "
"          │                                                          │          "
"          │                                                          │          "
"          │                                                          │          "
"          │                                                          │          "
"          │                                                          │          "
"          ╰──────────────────────────────────────────────────────────╯          "
"                                                                                "
"                                                                                "
"                    ↑/↓ or j/k: navigate | Esc: back | q: qu                    "
"                                                                                "
