start12 · test.go · +2 -1
────────────────────────────────────────────────────────────────────────────────
  4 -     oldLine()                    │   4 +     newLine1()                  
                                       │   5 +     newLine2()                  
  5   }                                │   6   }                               