→ ├ 0000000 Add feature with nested files - Test Author 1 year ago0000000 · Test Author committed 1 year ago

Add feature with nested files

5 files · +67 -31
→├── old
 │   └── D +0 -15  deprecated.ts
 ├── src
 │   ├── components
 │   │   └── M +17 -13  App.tsx
 │   ├── utils
 │   │   └── A +42 -0  helper.ts
 │   └── M +5 -2  index.ts
 └── M +3 -1  README.md