0000000 · src/utils/helper.ts · +15 -0
────────────────────────────────────────────────────────────────────────────────
                                       │   2 + import { useState } from 'react…
  2                                    │   3                                   
  3   function App() {                 │   4   function App() {                
                                       │   5 +   const [count, setCount] = use…
  4     return (                       │   6     return (                      
  5       <div>                        │   7       <div>                       