→ ├ 0000000 Add nested components - Test Author 1 year ago0000000 · Test Author committed 1 year ago

Add nested components

4 files · +105 -2
→└── src
     ├── components
     │   ├── A +30 -0  Footer.tsx
     │   └── A +50 -0  Header.tsx
     ├── utils
     │   └── A +20 -0  format.ts
     └── M +5 -2  index.ts