abc123 · file.go · +0 -0
────────────────────────────────────────────────────────────────────────────────
 51   line content                     │  51   line content                    
 52   line content                     │  52   line content                    
 53   line content                     │  53   line content                    
 54   line content                     │  54   line content                    
 55   line content                     │  55   line content                    
 56   line content                     │  56   line content                    
 57   line content                     │  57   line content                    
 58   line content                     │  58   line content                    