▌ ├ abc123 Third commit - Alice 11 months ago                                 │ ghi789..abc123 (3 commits)                                                      
▌ ├ def456 Second commit - Bob 11 months ago                                  │                                                                                 
█ ├ ghi789 First commit - Charlie 11 months ago                               │ 2 files · +30 -5                                                                
                                                                              │  ├── src                                                                        
                                                                              │  │   └── M +10 -5  main.go                                                      
                                                                              │  └── A +20 -0  README.md                                                        
                                                                              │                                                                                 
                                                                              │                                                                                 
                                                                              │                                                                                 
                                                                              │                                                                                 
                                                                              │                                                                                 
                                                                              │                                                                                 
                                                                              │                                                                                 
                                                                              │                                                                                 
                                                                              │                                                                                 
                                                                              │                                                                                 
                                                                              │                                                                                 
                                                                              │                                                                                 
                                                                              │                                                                                 
                                                                              │                                                                                 
                                                                              │                                                                                 
                                                                              │                                                                                 
                                                                              │                                                                                 
                                                                              │                                                                                 